[32minfo[39m: Listening to port 4000
[32minfo[39m: Connected to database
[31merror[39m: Unable to connect to email server. Make sure you have configured the SMTP options in .env
[32minfo[39m: Listening to port 4000
[32minfo[39m: Connected to database
[31merror[39m: Unable to connect to email server. Make sure you have configured the SMTP options in .env
[32minfo[39m: Listening to port 4000
[32minfo[39m: Connected to database
[31merror[39m: Unable to connect to email server. Make sure you have configured the SMTP options in .env
[32minfo[39m: GET /v1/docs/ 200 - 13.724 ms
[32minfo[39m: GET /v1/docs/swagger-ui-init.js 200 - 0.366 ms
[32minfo[39m: GET /v1/docs/swagger-ui.css 200 - 3.861 ms
[32minfo[39m: GET /v1/docs/swagger-ui-standalone-preset.js 200 - 3.164 ms
[32minfo[39m: GET /v1/docs/swagger-ui-bundle.js 200 - 4.188 ms
[32minfo[39m: GET /v1/docs/swagger-ui.css.map 200 - 1.297 ms
[32minfo[39m: GET /v1/docs/swagger-ui-bundle.js.map 200 - 0.913 ms
[32minfo[39m: GET /v1/docs/swagger-ui-standalone-preset.js.map 200 - 0.901 ms
[32minfo[39m: GET /v1/docs/favicon-32x32.png 200 - 1.951 ms
[32minfo[39m: SIGTERM received
[32minfo[39m: Listening to port 4000
[32minfo[39m: Connected to database
[31merror[39m: Unable to connect to email server. Make sure you have configured the SMTP options in .env
[32minfo[39m: Listening to port 4000
[32minfo[39m: Connected to database
[31merror[39m: Unable to connect to email server. Make sure you have configured the SMTP options in .env
[32minfo[39m: SIGTERM received
[32minfo[39m: Listening to port 4000
[32minfo[39m: Connected to database
[31merror[39m: Unable to connect to email server. Make sure you have configured the SMTP options in .env
[32minfo[39m: Listening to port 4000
[32minfo[39m: Connected to database
[31merror[39m: Unable to connect to email server. Make sure you have configured the SMTP options in .env
[32minfo[39m: SIGTERM received
[32minfo[39m: Listening to port 4000
[32minfo[39m: Connected to database
[31merror[39m: Unable to connect to email server. Make sure you have configured the SMTP options in .env
[32minfo[39m: Listening to port 4000
[32minfo[39m: Connected to database
[31merror[39m: Unable to connect to email server. Make sure you have configured the SMTP options in .env
[32minfo[39m: GET /v1/docs/ 304 - 2.562 ms
[32minfo[39m: GET /v1/docs/swagger-ui.css 304 - 1.205 ms
[32minfo[39m: GET /v1/docs/swagger-ui-bundle.js 304 - 0.450 ms
[32minfo[39m: GET /v1/docs/swagger-ui-standalone-preset.js 304 - 1.730 ms
[32minfo[39m: GET /v1/docs/swagger-ui-init.js 200 - 1.092 ms
[32minfo[39m: SIGTERM received
[32minfo[39m: Listening to port 4000
[32minfo[39m: Connected to database
[31merror[39m: Unable to connect to email server. Make sure you have configured the SMTP options in .env
[32minfo[39m: POST /v1/auth/register 201 - 577.930 ms
[32minfo[39m: POST /v1/auth/login 200 - 24.322 ms
[32minfo[39m: GET /v1/docs/ 304 - 9.131 ms
[32minfo[39m: GET /v1/docs/swagger-ui.css 304 - 2.289 ms
[32minfo[39m: GET /v1/docs/swagger-ui-init.js 304 - 0.261 ms
[32minfo[39m: GET /v1/docs/swagger-ui-bundle.js 304 - 2.151 ms
[32minfo[39m: GET /v1/docs/swagger-ui-standalone-preset.js 304 - 1.398 ms
[32minfo[39m: GET /v1/docs/favicon-32x32.png 304 - 0.262 ms
[31merror[39m: Error: Not found.
    at /Users/philippgarbowsky/Projects/open-decision/dist/apps/api/webpack:/open-decision/apps/api/src/app.ts:57:5
    at Layer.handle [as handle_request] (/Users/philippgarbowsky/Projects/open-decision/node_modules/express/lib/router/layer.js:95:5)
    at trim_prefix (/Users/philippgarbowsky/Projects/open-decision/node_modules/express/lib/router/index.js:328:13)
    at /Users/philippgarbowsky/Projects/open-decision/node_modules/express/lib/router/index.js:286:9
    at Function.process_params (/Users/philippgarbowsky/Projects/open-decision/node_modules/express/lib/router/index.js:346:12)
    at next (/Users/philippgarbowsky/Projects/open-decision/node_modules/express/lib/router/index.js:280:10)
    at /Users/philippgarbowsky/Projects/open-decision/node_modules/express/lib/router/index.js:646:15
    at next (/Users/philippgarbowsky/Projects/open-decision/node_modules/express/lib/router/index.js:265:14)
    at Function.handle (/Users/philippgarbowsky/Projects/open-decision/node_modules/express/lib/router/index.js:175:3)
    at router (/Users/philippgarbowsky/Projects/open-decision/node_modules/express/lib/router/index.js:47:12)
[31merror[39m: GET /v1/ 404 - 4.691 ms - message: Not found.
[31merror[39m: Error: Not found.
    at /Users/philippgarbowsky/Projects/open-decision/dist/apps/api/webpack:/open-decision/apps/api/src/app.ts:57:5
    at Layer.handle [as handle_request] (/Users/philippgarbowsky/Projects/open-decision/node_modules/express/lib/router/layer.js:95:5)
    at trim_prefix (/Users/philippgarbowsky/Projects/open-decision/node_modules/express/lib/router/index.js:328:13)
    at /Users/philippgarbowsky/Projects/open-decision/node_modules/express/lib/router/index.js:286:9
    at Function.process_params (/Users/philippgarbowsky/Projects/open-decision/node_modules/express/lib/router/index.js:346:12)
    at next (/Users/philippgarbowsky/Projects/open-decision/node_modules/express/lib/router/index.js:280:10)
    at cors (/Users/philippgarbowsky/Projects/open-decision/node_modules/cors/lib/index.js:188:7)
    at /Users/philippgarbowsky/Projects/open-decision/node_modules/cors/lib/index.js:224:17
    at originCallback (/Users/philippgarbowsky/Projects/open-decision/node_modules/cors/lib/index.js:214:15)
    at /Users/philippgarbowsky/Projects/open-decision/node_modules/cors/lib/index.js:219:13
[31merror[39m: GET /favicon.ico 404 - 2.261 ms - message: Not found.
[32minfo[39m: GET /v1/docs/ 304 - 0.631 ms
[32minfo[39m: GET /v1/docs/swagger-ui-init.js 304 - 0.225 ms
[32minfo[39m: GET /v1/docs/swagger-ui-standalone-preset.js 304 - 0.962 ms
[32minfo[39m: GET /v1/docs/swagger-ui.css 304 - 0.756 ms
[32minfo[39m: GET /v1/docs/swagger-ui-bundle.js 304 - 0.798 ms
[32minfo[39m: GET /v1/docs/ 304 - 1.245 ms
[32minfo[39m: GET /v1/docs/swagger-ui.css 304 - 10.744 ms
[32minfo[39m: GET /v1/docs/swagger-ui-bundle.js 304 - 0.559 ms
[32minfo[39m: GET /v1/docs/swagger-ui-init.js 304 - 0.133 ms
[32minfo[39m: GET /v1/docs/swagger-ui-standalone-preset.js 304 - 0.768 ms
[32minfo[39m: SIGTERM received
[32minfo[39m: GET /v1/docs/favicon-32x32.png 304 - 1.237 ms
[32minfo[39m: Listening to port 4000
[32minfo[39m: GET /v1/docs/ 304 - 0.517 ms
[32minfo[39m: GET /v1/docs/swagger-ui-init.js 304 - 0.249 ms
[32minfo[39m: GET /v1/docs/swagger-ui.css 304 - 3.956 ms
[32minfo[39m: GET /v1/docs/swagger-ui-bundle.js 304 - 2.147 ms
[32minfo[39m: GET /v1/docs/swagger-ui-standalone-preset.js 304 - 1.594 ms
[32minfo[39m: Connected to database
[32minfo[39m: GET /v1/docs/favicon-32x32.png 304 - 0.260 ms
[31merror[39m: Unable to connect to email server. Make sure you have configured the SMTP options in .env
[32minfo[39m: GET /v1/docs/ 304 - 0.428 ms
[32minfo[39m: GET /v1/docs/swagger-ui-init.js 304 - 0.511 ms
[32minfo[39m: GET /v1/docs/swagger-ui.css 304 - 2.586 ms
[32minfo[39m: GET /v1/docs/swagger-ui-bundle.js 304 - 2.066 ms
[32minfo[39m: GET /v1/docs/swagger-ui-standalone-preset.js 304 - 1.585 ms
[32minfo[39m: GET /v1/docs/favicon-32x32.png 304 - 0.267 ms
[32minfo[39m: SIGTERM received
[32minfo[39m: Listening to port 4000
[32minfo[39m: Connected to database
[31merror[39m: Unable to connect to email server. Make sure you have configured the SMTP options in .env
[32minfo[39m: SIGTERM received
[32minfo[39m: Listening to port 4000
[32minfo[39m: Connected to database
[31merror[39m: Unable to connect to email server. Make sure you have configured the SMTP options in .env
[32minfo[39m: SIGTERM received
[32minfo[39m: Listening to port 4000
[32minfo[39m: Connected to database
[31merror[39m: Unable to connect to email server. Make sure you have configured the SMTP options in .env
[32minfo[39m: GET /v1/docs/ 304 - 4.886 ms
[32minfo[39m: GET /v1/docs/swagger-ui.css 304 - 7.007 ms
[32minfo[39m: GET /v1/docs/swagger-ui-standalone-preset.js 304 - 3.966 ms
[32minfo[39m: GET /v1/docs/swagger-ui-init.js 304 - 0.523 ms
[32minfo[39m: GET /v1/docs/swagger-ui-bundle.js 304 - 1.304 ms
[32minfo[39m: GET /v1/docs/favicon-32x32.png 304 - 5.053 ms
[32minfo[39m: Listening to port 4000
[32minfo[39m: Connected to database
[32minfo[39m: GET /v1/docs/ 304 - 2.799 ms
[32minfo[39m: GET /v1/docs/swagger-ui.css 304 - 9.403 ms
[32minfo[39m: GET /v1/docs/swagger-ui-init.js 304 - 0.205 ms
[32minfo[39m: GET /v1/docs/swagger-ui-standalone-preset.js 304 - 2.972 ms
[32minfo[39m: GET /v1/docs/swagger-ui-bundle.js 304 - 5.656 ms
[32minfo[39m: GET /v1/docs/favicon-32x32.png 304 - 0.254 ms
[31merror[39m: Unable to connect to email server. Make sure you have configured the SMTP options in .env
[32minfo[39m: Listening to port 4000
[32minfo[39m: Connected to database
[31merror[39m: Unable to connect to email server. Make sure you have configured the SMTP options in .env
[32minfo[39m: GET /v1/docs/ 304 - 2.650 ms
[32minfo[39m: GET /v1/docs/swagger-ui.css 304 - 1.136 ms
[32minfo[39m: GET /v1/docs/swagger-ui-bundle.js 304 - 3.789 ms
[32minfo[39m: GET /v1/docs/swagger-ui-init.js 304 - 0.476 ms
[32minfo[39m: GET /v1/docs/swagger-ui-standalone-preset.js 304 - 3.893 ms
[32minfo[39m: GET /v1/docs/favicon-32x32.png 304 - 0.323 ms
[32minfo[39m: GET /v1/docs/ 304 - 0.647 ms
[32minfo[39m: GET /v1/docs/swagger-ui.css 304 - 1.700 ms
[32minfo[39m: GET /v1/docs/swagger-ui-bundle.js 304 - 1.688 ms
[32minfo[39m: GET /v1/docs/swagger-ui-standalone-preset.js 304 - 1.595 ms
[32minfo[39m: GET /v1/docs/swagger-ui-init.js 304 - 0.152 ms
[32minfo[39m: GET /v1/docs/favicon-32x32.png 304 - 0.390 ms
[32minfo[39m: Listening to port 4000
[32minfo[39m: Connected to database
[31merror[39m: Unable to connect to email server. Make sure you have configured the SMTP options in .env
[32minfo[39m: GET /v1/docs/ 304 - 2.375 ms
[32minfo[39m: GET /v1/docs/swagger-ui.css 304 - 4.170 ms
[32minfo[39m: GET /v1/docs/swagger-ui-bundle.js 304 - 2.551 ms
[32minfo[39m: GET /v1/docs/swagger-ui-init.js 304 - 0.860 ms
[32minfo[39m: GET /v1/docs/swagger-ui-standalone-preset.js 304 - 2.982 ms
[32minfo[39m: GET /v1/docs/favicon-32x32.png 304 - 0.395 ms
[32minfo[39m: GET /v1/docs/ 304 - 0.534 ms
[32minfo[39m: GET /v1/docs/swagger-ui-init.js 304 - 0.515 ms
[32minfo[39m: GET /v1/docs/swagger-ui.css 304 - 2.325 ms
[32minfo[39m: GET /v1/docs/swagger-ui-bundle.js 304 - 2.235 ms
[32minfo[39m: GET /v1/docs/swagger-ui-standalone-preset.js 304 - 2.401 ms
[32minfo[39m: GET /v1/docs/favicon-32x32.png 304 - 0.455 ms
[32minfo[39m: Listening to port 4000
[32minfo[39m: Connected to database
[31merror[39m: Unable to connect to email server. Make sure you have configured the SMTP options in .env
[32minfo[39m: GET /v1/docs/ 304 - 2.512 ms
[32minfo[39m: GET /v1/docs/swagger-ui.css 304 - 2.906 ms
[32minfo[39m: GET /v1/docs/swagger-ui-bundle.js 304 - 0.323 ms
[32minfo[39m: GET /v1/docs/swagger-ui-init.js 304 - 0.518 ms
[32minfo[39m: GET /v1/docs/swagger-ui-standalone-preset.js 304 - 8.451 ms
[32minfo[39m: GET /v1/docs/favicon-32x32.png 304 - 0.295 ms
[32minfo[39m: Listening to port 4000
[32minfo[39m: Connected to database
[31merror[39m: Unable to connect to email server. Make sure you have configured the SMTP options in .env
[32minfo[39m: Listening to port 4000
[32minfo[39m: Connected to database
[31merror[39m: Unable to connect to email server. Make sure you have configured the SMTP options in .env
[32minfo[39m: Listening to port 4000
[32minfo[39m: Connected to database
[31merror[39m: Unable to connect to email server. Make sure you have configured the SMTP options in .env
[32minfo[39m: GET /v1/docs/ 304 - 2.353 ms
[32minfo[39m: GET /v1/docs/swagger-ui.css 304 - 3.316 ms
[32minfo[39m: GET /v1/docs/swagger-ui-bundle.js 304 - 1.522 ms
[32minfo[39m: GET /v1/docs/swagger-ui-init.js 304 - 0.276 ms
[32minfo[39m: GET /v1/docs/swagger-ui-standalone-preset.js 304 - 1.974 ms
[32minfo[39m: GET /v1/docs/swagger-ui.css.map 200 - 2.544 ms
[32minfo[39m: GET /v1/docs/swagger-ui-bundle.js.map 200 - 0.646 ms
[32minfo[39m: GET /v1/docs/swagger-ui-standalone-preset.js.map 200 - 0.887 ms
[32minfo[39m: GET /v1/docs/favicon-32x32.png 304 - 0.372 ms
[32minfo[39m: GET /v1/docs/ 304 - 0.805 ms
[32minfo[39m: GET /v1/docs/swagger-ui-init.js 304 - 0.148 ms
[32minfo[39m: GET /v1/docs/swagger-ui.css 304 - 3.162 ms
[32minfo[39m: GET /v1/docs/swagger-ui-standalone-preset.js 304 - 2.244 ms
[32minfo[39m: GET /v1/docs/swagger-ui-bundle.js 304 - 3.532 ms
[32minfo[39m: GET /v1/docs/swagger-ui.css.map 200 - 4.210 ms
[32minfo[39m: GET /v1/docs/swagger-ui-bundle.js.map 200 - 0.728 ms
[32minfo[39m: GET /v1/docs/favicon-32x32.png 304 - 0.663 ms
[32minfo[39m: GET /v1/docs/swagger-ui-standalone-preset.js.map 200 - 1.548 ms
[32minfo[39m: SIGTERM received
[32minfo[39m: Listening to port 4000
[32minfo[39m: Connected to database
[31merror[39m: Unable to connect to email server. Make sure you have configured the SMTP options in .env
[32minfo[39m: SIGTERM received
[32minfo[39m: Listening to port 4000
[32minfo[39m: Connected to database
[31merror[39m: Unable to connect to email server. Make sure you have configured the SMTP options in .env
[32minfo[39m: GET /v1/docs/ 304 - 2.122 ms
[32minfo[39m: GET /v1/docs/swagger-ui.css 304 - 5.787 ms
[32minfo[39m: GET /v1/docs/swagger-ui-bundle.js 304 - 1.480 ms
[32minfo[39m: GET /v1/docs/swagger-ui-init.js 304 - 0.209 ms
[32minfo[39m: GET /v1/docs/swagger-ui-standalone-preset.js 304 - 1.122 ms
[32minfo[39m: GET /v1/docs/favicon-32x32.png 304 - 0.406 ms
[32minfo[39m: GET /v1/docs/ 304 - 0.572 ms
[32minfo[39m: GET /v1/docs/swagger-ui-init.js 304 - 0.138 ms
[32minfo[39m: GET /v1/docs/swagger-ui.css 304 - 1.926 ms
[32minfo[39m: GET /v1/docs/swagger-ui-bundle.js 304 - 1.639 ms
[32minfo[39m: GET /v1/docs/swagger-ui-standalone-preset.js 304 - 1.386 ms
[32minfo[39m: GET /v1/docs/favicon-32x32.png 304 - 0.448 ms
[32minfo[39m: SIGTERM received
[32minfo[39m: Listening to port 4000
[32minfo[39m: Connected to database
[31merror[39m: Unable to connect to email server. Make sure you have configured the SMTP options in .env
[32minfo[39m: GET /v1/docs/ 304 - 4.457 ms
[32minfo[39m: GET /v1/docs/swagger-ui.css 304 - 6.985 ms
[32minfo[39m: GET /v1/docs/swagger-ui-bundle.js 304 - 5.546 ms
[32minfo[39m: GET /v1/docs/swagger-ui-standalone-preset.js 304 - 4.380 ms
[32minfo[39m: GET /v1/docs/swagger-ui-init.js 200 - 1.850 ms
[32minfo[39m: GET /v1/docs/favicon-32x32.png 304 - 0.363 ms
[32minfo[39m: SIGTERM received
[32minfo[39m: Listening to port 4000
[32minfo[39m: Connected to database
[31merror[39m: Unable to connect to email server. Make sure you have configured the SMTP options in .env
[32minfo[39m: GET /v1/docs/ 304 - 2.251 ms
[32minfo[39m: GET /v1/docs/swagger-ui.css 304 - 4.509 ms
[32minfo[39m: GET /v1/docs/swagger-ui-bundle.js 304 - 2.314 ms
[32minfo[39m: GET /v1/docs/swagger-ui-standalone-preset.js 304 - 1.973 ms
[32minfo[39m: GET /v1/docs/swagger-ui-init.js 200 - 0.955 ms
[32minfo[39m: GET /v1/docs/favicon-32x32.png 304 - 0.331 ms
[32minfo[39m: SIGTERM received
[32minfo[39m: Listening to port 4000
[32minfo[39m: Connected to database
[31merror[39m: Unable to connect to email server. Make sure you have configured the SMTP options in .env
[32minfo[39m: Listening to port 4000
[32minfo[39m: Connected to database
[31merror[39m: Unable to connect to email server. Make sure you have configured the SMTP options in .env
[32minfo[39m: POST /v1/auth/login 200 - 433.879 ms
[32minfo[39m: POST /v1/graphql 200 - 98.958 ms
[32minfo[39m: POST /v1/graphql 200 - 16.300 ms
[32minfo[39m: POST /v1/auth/refresh-tokens 200 - 44.632 ms
[32minfo[39m: POST /v1/graphql 200 - 8.416 ms
[32minfo[39m: Listening to port 4000
[32minfo[39m: Connected to database
[31merror[39m: Unable to connect to email server. Make sure you have configured the SMTP options in .env
[32minfo[39m: POST /v1/auth/refresh-tokens 200 - 427.170 ms
[32minfo[39m: POST /v1/graphql 200 - 82.706 ms
[32minfo[39m: POST /v1/graphql 200 - 11.855 ms
[32minfo[39m: Listening to port 4000
[32minfo[39m: Connected to database
[31merror[39m: Unable to connect to email server. Make sure you have configured the SMTP options in .env
[32minfo[39m: POST /v1/auth/refresh-tokens 200 - 501.292 ms
[32minfo[39m: POST /v1/graphql 200 - 92.275 ms
[32minfo[39m: POST /v1/auth/refresh-tokens 200 - 34.021 ms
[32minfo[39m: POST /v1/graphql 200 - 18.882 ms
[32minfo[39m: POST /v1/graphql 200 - 5.055 ms
[32minfo[39m: POST /v1/auth/refresh-tokens 200 - 19.023 ms
[32minfo[39m: POST /v1/graphql 200 - 16.189 ms
[32minfo[39m: POST /v1/graphql 200 - 7.516 ms
[32minfo[39m: POST /v1/graphql 200 - 23.561 ms
[32minfo[39m: POST /v1/graphql 200 - 15.928 ms
[32minfo[39m: POST /v1/graphql 200 - 8.482 ms
[32minfo[39m: POST /v1/graphql 200 - 9.442 ms
[32minfo[39m: POST /v1/graphql 200 - 10.731 ms
[32minfo[39m: POST /v1/graphql 200 - 15.713 ms
[32minfo[39m: POST /v1/graphql 200 - 18.220 ms
[32minfo[39m: POST /v1/graphql 200 - 15.817 ms
[32minfo[39m: Listening to port 4000
[32minfo[39m: Connected to database
[31merror[39m: Unable to connect to email server. Make sure you have configured the SMTP options in .env
[32minfo[39m: Listening to port 4000
[32minfo[39m: Connected to database
[31merror[39m: Unable to connect to email server. Make sure you have configured the SMTP options in .env
[32minfo[39m: Listening to port 4000
[32minfo[39m: Connected to database
[31merror[39m: Unable to connect to email server. Make sure you have configured the SMTP options in .env
[32minfo[39m: Listening to port 4000
[32minfo[39m: Connected to database
[31merror[39m: Unable to connect to email server. Make sure you have configured the SMTP options in .env
[32minfo[39m: Listening to port 4000
[32minfo[39m: Connected to database
[31merror[39m: Unable to connect to email server. Make sure you have configured the SMTP options in .env
[32minfo[39m: Listening to port 4000
[32minfo[39m: Connected to database
[31merror[39m: Unable to connect to email server. Make sure you have configured the SMTP options in .env
[32minfo[39m: Listening to port 4000
[32minfo[39m: Connected to database
[31merror[39m: Unable to connect to email server. Make sure you have configured the SMTP options in .env
[32minfo[39m: Listening to port 4000
[32minfo[39m: Connected to database
[31merror[39m: Unable to connect to email server. Make sure you have configured the SMTP options in .env
[32minfo[39m: Listening to port 4000
[32minfo[39m: Connected to database
[31merror[39m: Unable to connect to email server. Make sure you have configured the SMTP options in .env
[32minfo[39m: Listening to port 4000
[32minfo[39m: Connected to database
[31merror[39m: Unable to connect to email server. Make sure you have configured the SMTP options in .env
[32minfo[39m: Listening to port 4000
[32minfo[39m: Connected to database
[31merror[39m: Unable to connect to email server. Make sure you have configured the SMTP options in .env
[32minfo[39m: Listening to port 4000
[32minfo[39m: Connected to database
[31merror[39m: Unable to connect to email server. Make sure you have configured the SMTP options in .env
[32minfo[39m: Listening to port 4000
[32minfo[39m: Connected to database
[31merror[39m: Unable to connect to email server. Make sure you have configured the SMTP options in .env
[32minfo[39m: Listening to port 4000
[32minfo[39m: Connected to database
[31merror[39m: Unable to connect to email server. Make sure you have configured the SMTP options in .env
[32minfo[39m: Listening to port 4000
[32minfo[39m: Connected to database
[31merror[39m: Unable to connect to email server. Make sure you have configured the SMTP options in .env
[32minfo[39m: POST /v1/auth/login 200 - 407.484 ms
[32minfo[39m: POST /v1/graphql 200 - 93.781 ms
[32minfo[39m: POST /v1/graphql 200 - 15.643 ms
[32minfo[39m: POST /v1/graphql 200 - 10.800 ms
[32minfo[39m: POST /v1/graphql 200 - 14.545 ms
[32minfo[39m: POST /v1/graphql 200 - 7.166 ms
[32minfo[39m: POST /v1/graphql 200 - 5.562 ms
[32minfo[39m: POST /v1/graphql 200 - 13.097 ms
[32minfo[39m: POST /v1/graphql 200 - 5.582 ms
[32minfo[39m: POST /v1/graphql 200 - 14.403 ms
[32minfo[39m: Listening to port 4000
[32minfo[39m: Connected to database
[31merror[39m: Unable to connect to email server. Make sure you have configured the SMTP options in .env
[32minfo[39m: POST /v1/auth/refresh-tokens 200 - 521.837 ms
[32minfo[39m: POST /v1/graphql 200 - 183.167 ms
[32minfo[39m: Listening to port 4000
[32minfo[39m: Connected to database
[31merror[39m: Unable to connect to email server. Make sure you have configured the SMTP options in .env
[32minfo[39m: Listening to port 4000
[32minfo[39m: Connected to database
[31merror[39m: Unable to connect to email server. Make sure you have configured the SMTP options in .env
[32minfo[39m: Listening to port 4000
[32minfo[39m: Connected to database
[31merror[39m: Unable to connect to email server. Make sure you have configured the SMTP options in .env
[32minfo[39m: SIGTERM received
[32minfo[39m: Listening to port 4000
[32minfo[39m: Connected to database
[31merror[39m: Unable to connect to email server. Make sure you have configured the SMTP options in .env
[32minfo[39m: Listening to port 4000
[32minfo[39m: Connected to database
[31merror[39m: Unable to connect to email server. Make sure you have configured the SMTP options in .env
[32minfo[39m: Listening to port 4000
[32minfo[39m: Connected to database
[31merror[39m: Unable to connect to email server. Make sure you have configured the SMTP options in .env
[32minfo[39m: Listening to port 4000
[32minfo[39m: Connected to database
[31merror[39m: Unable to connect to email server. Make sure you have configured the SMTP options in .env
